Microchip MPLAB XC8 Compiler V2.31

Linker command line:

-W-3 --edf=D:\Program Files\Microchip\xc8\v2.31\pic\dat\en_msgs.txt -cn \
  -h+dist/default/production\Alterno.production.sym \
  --cmf=dist/default/production\Alterno.production.cmf -z -Q16F887 \
  -oC:\Users\Olifa\AppData\Local\Temp\sbrs.2 --defsym=__MPLAB_BUILD=1 \
  -Mdist/default/production/Alterno.production.map -E1 -ver=XC8 Compiler \
  --acfsm=1493 -ASTACK=0110h-016Fh -pstack=STACK -ACODE=00h-07FFhx4 \
  -ASTRCODE=00h-01FFFh -ASTRING=00h-0FFhx32 -ACONST=00h-0FFhx32 \
  -AENTRY=00h-0FFhx32 -ACOMMON=070h-07Fh -ABANK0=020h-06Fh \
  -ABANK1=0A0h-0EFh -ABANK2=0110h-016Fh -ABANK3=0190h-01EFh \
  -ARAM=020h-06Fh,0A0h-0EFh,0110h-016Fh,0190h-01EFh \
  -AABS1=020h-07Fh,0A0h-0EFh,0110h-016Fh,0190h-01EFh -ASFR0=00h-01Fh \
  -ASFR1=080h-09Fh -ASFR2=0100h-010Fh -ASFR3=0180h-018Fh \
  -ACONFIG=02007h-02008h -DCONFIG=2 -AIDLOC=02000h-02003h -DIDLOC=2 \
  -AEEDATA=00h-0FFh/02100h -peeprom_data=EEDATA -DEEDATA=2 -DCODE=2 \
  -DSTRCODE=2 -DSTRING=2 -DCONST=2 -DENTRY=2 \
  -preset_vec=00h,intentry=04h,init,end_init -ppowerup=CODE -pcinit=CODE \
  -pfunctab=ENTRY -k C:\Users\Olifa\AppData\Local\Temp\sbrs.o \
  dist/default/production\Alterno.production.o 

Object code version is 3.11

Machine type is 16F887



                Name                               Link     Load   Length Selector   Space Scale
C:\Users\Olifa\AppData\Local\Temp\sbrs.o
                end_init                              C        C        3        8       0
                reset_vec                             0        0        3        0       0
                config                             2007     2007        2        0       4
dist/default/production\Alterno.production.o
                cinit                                 F        F       15        8       0
                intentry                              4        4        8        8       0
                config                             2007     2007        2        0       4
                text27                              84C      84C       12     1098       0
                text26                             17F3     17F3        D     2FE6       0
                text25                             17C1     17C1        9     2F82       0
                text24                             17CA     17CA        9     2F94       0
                text23                              83E      83E        E     107C       0
                text22                              9E3      9E3       63     13C6       0
                text21                              A46      A46       68     148C       0
                text20                              954      954       39     12A8       0
                text19                              923      923       31     1246       0
                text18                             17D3     17D3        9     2FA6       0
                text17                              8CA      8CA       29     1194       0
                text16                               24       24      361        8       0
                text15                              B2A      B2A       BC     1654       0
                text14                              60D      60D      13D        8       0
                text13                             17E7     17E7        C     2FCE       0
                text12                              8F3      8F3       30     11E6       0
                text11                              74A      74A       A4        8       0
                text10                             17DC     17DC        B     2FB8       0
                text9                               385      385      288        8       0
                text8                               881      881       24     1102       0
                text7                               AAE      AAE       7C     155C       0
                text6                               98D      98D       56     131A       0
                text5                               8A5      8A5       25     114A       0
                text4                               7EE      7EE       12        8       0
                text3                               DB4      DB4      24C     1B68       0
                text2                               BE6      BE6       D5     17CC       0
                text1                               85E      85E       23     10BC       0
                maintext                            CBB      CBB       F9     1976       0
                cstackBANK0                          20       20       40       20       1
                cstackCOMMON                         70       70        B       70       1
                clrtext                            17B9     17B9        8     2F72       0
                bssBANK1                             A0       A0       11       A0       1
                bssBANK0                             60       60        D       20       1
                strings                             800      800       39     1000       0

TOTAL           Name                               Link     Load   Length     Space
        CLASS   STACK          

        CLASS   CODE           
                end_init                              C        C        3         0
                cinit                                 F        F       15         0
                intentry                              4        4        8         0
                reset_vec                             0        0        3         0
                text27                              84C      84C       12         0
                text26                             17F3     17F3        D         0
                text25                             17C1     17C1        9         0
                text24                             17CA     17CA        9         0
                text23                              83E      83E        E         0
                text22                              9E3      9E3       63         0
                text21                              A46      A46       68         0
                text20                              954      954       39         0
                text19                              923      923       31         0
                text18                             17D3     17D3        9         0
                text17                              8CA      8CA       29         0
                text16                               24       24      361         0
                text15                              B2A      B2A       BC         0
                text14                              60D      60D      13D         0
                text13                             17E7     17E7        C         0
                text12                              8F3      8F3       30         0
                text11                              74A      74A       A4         0
                text10                             17DC     17DC        B         0
                text9                               385      385      288         0
                text8                               881      881       24         0
                text7                               AAE      AAE       7C         0
                text6                               98D      98D       56         0
                text5                               8A5      8A5       25         0
                text4                               7EE      7EE       12         0
                text3                               DB4      DB4      24C         0
                text2                               BE6      BE6       D5         0
                text1                               85E      85E       23         0
                maintext                            CBB      CBB       F9         0
                clrtext                            17B9     17B9        8         0

        CLASS   STRCODE        

        CLASS   STRING         
                strings                             800      800       39         0

        CLASS   CONST          

        CLASS   ENTRY          

        CLASS   COMMON         
                cstackCOMMON                         70       70        B         1

        CLASS   BANK0          
                cstackBANK0                          20       20       40         1
                bssBANK0                             60       60        D         1

        CLASS   BANK1          
                bssBANK1                             A0       A0       11         1

        CLASS   BANK2          

        CLASS   BANK3          

        CLASS   RAM            

        CLASS   ABS1           
                abs_s1                               7E       7E        2         1

        CLASS   SFR0           

        CLASS   SFR1           

        CLASS   SFR2           

        CLASS   SFR3           

        CLASS   CONFIG         
                config                             2007     2007        2         4

        CLASS   IDLOC          

        CLASS   EEDATA         



SEGMENTS        Name                           Load    Length   Top    Selector   Space  Class     Delta

                reset_vec                      000000  000003  000003         0       0  CODE        2
                intentry                       000004  0007FC  000800         8       0  CODE        2
                cstackBANK0                    000020  00004D  00006D        20       1  BANK0       1
                cstackCOMMON                   000070  00000B  00007B        70       1  COMMON      1
                bssBANK1                       0000A0  000011  0000B1        A0       1  BANK1       1
                strings                        000800  000039  000839      1000       0  STRING      2
                text23                         00083E  00000E  00084C      107C       0  CODE        2
                text27                         00084C  000012  00085E      1098       0  CODE        2
                text1                          00085E  000023  000881      10BC       0  CODE        2
                text8                          000881  000024  0008A5      1102       0  CODE        2
                text5                          0008A5  000025  0008CA      114A       0  CODE        2
                text17                         0008CA  000029  0008F3      1194       0  CODE        2
                text12                         0008F3  000030  000923      11E6       0  CODE        2
                text19                         000923  000031  000954      1246       0  CODE        2
                text20                         000954  000039  00098D      12A8       0  CODE        2
                text6                          00098D  000056  0009E3      131A       0  CODE        2
                text22                         0009E3  000063  000A46      13C6       0  CODE        2
                text21                         000A46  000068  000AAE      148C       0  CODE        2
                text7                          000AAE  00007C  000B2A      155C       0  CODE        2
                text15                         000B2A  0000BC  000BE6      1654       0  CODE        2
                text2                          000BE6  0000D5  000CBB      17CC       0  CODE        2
                maintext                       000CBB  0000F9  000DB4      1976       0  CODE        2
                text3                          000DB4  00024C  001000      1B68       0  CODE        2
                clrtext                        0017B9  000008  0017C1      2F72       0  CODE        2
                text25                         0017C1  000009  0017CA      2F82       0  CODE        2
                text24                         0017CA  000009  0017D3      2F94       0  CODE        2
                text18                         0017D3  000009  0017DC      2FA6       0  CODE        2
                text10                         0017DC  00000B  0017E7      2FB8       0  CODE        2
                text13                         0017E7  00000C  0017F3      2FCE       0  CODE        2
                text26                         0017F3  00000D  001800      2FE6       0  CODE        2


UNUSED ADDRESS RANGES

        Name                Unused          Largest block    Delta
        BANK0            006D-006F              3           1
        BANK1            00B1-00EF             3F           1
        BANK2            0110-016F             60           1
        BANK3            0190-01EF             60           1
        CODE             0003-0003              1           2
                         0839-083D              5
                         1000-17B8            7B9
                         1800-1FFF            800
        COMMON           007B-007D              3           1
        CONST            0003-0003              1           2
                         0839-083D              5
                         1000-17B8            100
                         1800-1FFF            100
        EEDATA           2100-21FF            100           2
        ENTRY            0003-0003              1           2
                         0839-083D              5
                         1000-17B8            100
                         1800-1FFF            100
        IDLOC            2000-2003              4           2
        RAM              006D-006F              3           1
                         00B1-00EF             3F
                         0110-016F             60
                         0190-01EF             60
        SFR0             0000-001F             20           1
        SFR1             0080-009F             20           1
        SFR2             0100-010F             10           1
        SFR3             0180-018F             10           1
        STACK            0110-016F             60           1
        STRCODE          0003-0003              1           2
                         0839-083D              5
                         1000-17B8            7B9
                         1800-1FFF            800
        STRING           0003-0003              1           2
                         0839-083D              5
                         1000-17B8            100
                         1800-1FFF            100

                                  Symbol Table

?_I2C_Master_Read                  cstackCOMMON 0073
?__Umul8_16                        cstackCOMMON 0073
?___fladd                          cstackCOMMON 0073
?___flmul                          cstackBANK0  0026
?___flneg                          cstackCOMMON 0073
?___flsub                          cstackBANK0  002C
?___fltol                          cstackBANK0  0040
?___lldiv                          cstackCOMMON 0073
?___llmod                          cstackBANK0  0026
?___wmul                           cstackCOMMON 0073
?___xxtofl                         cstackCOMMON 0073
?_sprintf                          cstackBANK0  0030
I2C_Master_Init@c                  cstackBANK0  0026
I2C_Master_Read@a                  cstackCOMMON 0073
I2C_Master_Read@temp               cstackCOMMON 0077
I2C_Master_Write@d                 cstackCOMMON 0073
I2C_WWW@d                          cstackBANK0  0044
I2C_WWW@dato                       cstackBANK0  0052
I2C_WWW@e                          cstackBANK0  004A
I2C_WWW@i                          cstackBANK0  0050
I2C_WWW@i_187                      cstackBANK0  0053
UARTSendChar@c                     cstackCOMMON 0073
UARTSendString@i                   cstackCOMMON 0077
UARTSendString@max_length          cstackCOMMON 0074
UARTSendString@str                 cstackCOMMON 0076
_ACKDT                             (abs)        048D
_ACKEN                             (abs)        048C
_ANSEL                             (abs)        0188
_ANSELH                            (abs)        0189
_I2C_ConfigM                       text22       09E3
_I2C_Master_Init                   text20       0954
_I2C_Master_Read                   text19       0923
_I2C_Master_RepeatedStart          text18       17D3
_I2C_Master_Start                  text25       17C1
_I2C_Master_Stop                   text24       17CA
_I2C_Master_Wait                   text26       17F3
_I2C_Master_Write                  text23       083E
_I2C_WWW                           text14       060D
_I2gato                            bssBANK0     0061
_INTCON                            (abs)        000B
_ISR                               text27       084C
_PEN                               (abs)        048A
_PIE1                              (abs)        008C
_PIR1bits                          (abs)        000C
_PORTA                             (abs)        0005
_PORTAbits                         (abs)        0005
_PORTB                             (abs)        0006
_PORTD                             (abs)        0008
_RCEN                              (abs)        048B
_RCREG                             (abs)        001A
_RCSTA                             (abs)        0018
_RSEN                              (abs)        0489
_SEN                               (abs)        0488
_SPBRG                             (abs)        0099
_SSPADD                            (abs)        0093
_SSPBUF                            (abs)        0013
_SSPCON                            (abs)        0014
_SSPCON2                           (abs)        0091
_SSPIF                             (abs)        0063
_SSPSTAT                           (abs)        0094
_TRISA                             (abs)        0085
_TRISB                             (abs)        0086
_TRISC                             (abs)        0087
_TRISC3                            (abs)        043B
_TRISC4                            (abs)        043C
_TRISD                             (abs)        0088
_TRISE                             (abs)        0089
_TXREG                             (abs)        0019
_TXSTA                             (abs)        0098
_TXSTAbits                         (abs)        0098
_UARTSendChar                      text13       17E7
_UARTSendString                    text12       08F3
__Habs1                            abs1         0000
__Hbank0                           bank0        0000
__Hbank1                           bank1        0000
__Hbank2                           bank2        0000
__Hbank3                           bank3        0000
__HbssBANK0                        bssBANK0     0000
__HbssBANK1                        bssBANK1     0000
__Hcinit                           cinit        0024
__Hclrtext                         clrtext      0000
__Hcode                            code         0000
__Hcommon                          common       0000
__Hconfig                          config       2009
__HcstackBANK0                     cstackBANK0  0000
__HcstackCOMMON                    cstackCOMMON 0000
__Heeprom_data                     eeprom_data  0000
__Hend_init                        end_init     000F
__Hfunctab                         functab      0000
__Hinit                            init         000C
__Hintentry                        intentry     000C
__Hmaintext                        maintext     0000
__Hpowerup                         powerup      0000
__Hram                             ram          0000
__Hreset_vec                       reset_vec    0003
__Hsfr0                            sfr0         0000
__Hsfr1                            sfr1         0000
__Hsfr2                            sfr2         0000
__Hsfr3                            sfr3         0000
__Hspace_0                         (abs)        1800
__Hspace_1                         (abs)        00B1
__Hspace_2                         (abs)        0000
__Hspace_3                         (abs)        0000
__Hspace_4                         (abs)        4010
__Hstack                           stack        0000
__Hstrings                         strings      0000
__Htext                            text         0000
__Labs1                            abs1         0000
__Lbank0                           bank0        0000
__Lbank1                           bank1        0000
__Lbank2                           bank2        0000
__Lbank3                           bank3        0000
__LbssBANK0                        bssBANK0     0000
__LbssBANK1                        bssBANK1     0000
__Lcinit                           cinit        000F
__Lclrtext                         clrtext      0000
__Lcode                            code         0000
__Lcommon                          common       0000
__Lconfig                          config       0000
__LcstackBANK0                     cstackBANK0  0000
__LcstackCOMMON                    cstackCOMMON 0000
__Leeprom_data                     eeprom_data  0000
__Lend_init                        end_init     000C
__Lfunctab                         functab      0000
__Linit                            init         000C
__Lintentry                        intentry     0004
__Lmaintext                        maintext     0000
__Lpowerup                         powerup      0000
__Lram                             ram          0000
__Lreset_vec                       reset_vec    0000
__Lsfr0                            sfr0         0000
__Lsfr1                            sfr1         0000
__Lsfr2                            sfr2         0000
__Lsfr3                            sfr3         0000
__Lspace_0                         (abs)        0000
__Lspace_1                         (abs)        0000
__Lspace_2                         (abs)        0000
__Lspace_3                         (abs)        0000
__Lspace_4                         (abs)        0000
__Lstack                           stack        0000
__Lstrings                         strings      0000
__Ltext                            text         0000
__S0                               (abs)        1800
__S1                               (abs)        00B1
__S2                               (abs)        0000
__S3                               (abs)        0000
__Umul8_16                         text17       08CA
__Umul8_16@multiplicand            cstackCOMMON 0073
__Umul8_16@multiplier              cstackBANK0  0024
__Umul8_16@product                 cstackBANK0  0020
__Umul8_16@word_mpld               cstackBANK0  0022
___fladd                           text9        0385
___fladd@a                         cstackCOMMON 0077
___fladd@aexp                      cstackBANK0  0029
___fladd@b                         cstackCOMMON 0073
___fladd@bexp                      cstackBANK0  002A
___fladd@grs                       cstackBANK0  002B
___fladd@signs                     cstackBANK0  0028
___flge                            text11       074A
___flge@ff1                        cstackCOMMON 0073
___flge@ff2                        cstackCOMMON 0077
___flmul                           text16       0024
___flmul@a                         cstackBANK0  002A
___flmul@aexp                      cstackBANK0  0038
___flmul@b                         cstackBANK0  0026
___flmul@bexp                      cstackBANK0  0039
___flmul@grs                       cstackBANK0  0034
___flmul@prod                      cstackBANK0  003A
___flmul@sign                      cstackBANK0  0033
___flmul@temp                      cstackBANK0  003E
___flneg                           text10       17DC
___flneg@f1                        cstackCOMMON 0073
___flsub                           text8        0881
___flsub@a                         cstackBANK0  002C
___flsub@b                         cstackBANK0  0030
___fltol                           text7        0AAE
___fltol@exp1                      cstackBANK0  004A
___fltol@f1                        cstackBANK0  0040
___fltol@sign1                     cstackBANK0  0049
___int_sp                          stack        0000
___latbits                         (abs)        0002
___lldiv                           text21       0A46
___lldiv@counter                   cstackBANK0  0025
___lldiv@dividend                  cstackCOMMON 0077
___lldiv@divisor                   cstackCOMMON 0073
___lldiv@quotient                  cstackBANK0  0021
___llmod                           text6        098D
___llmod@counter                   cstackBANK0  002F
___llmod@dividend                  cstackBANK0  002A
___llmod@divisor                   cstackBANK0  0026
___sp                              stack        0000
___stackhi                         (abs)        0000
___stacklo                         (abs)        0000
___wmul                            text5        08A5
___wmul@multiplicand               cstackCOMMON 0075
___wmul@multiplier                 cstackCOMMON 0073
___wmul@product                    cstackCOMMON 0077
___xxtofl                          text15       0B2A
___xxtofl@arg                      cstackBANK0  0022
___xxtofl@exp                      cstackBANK0  0021
___xxtofl@sign                     cstackBANK0  0020
___xxtofl@val                      cstackCOMMON 0073
__end_of_I2C_ConfigM               text22       0A46
__end_of_I2C_Master_Init           text20       098D
__end_of_I2C_Master_Read           text19       0954
__end_of_I2C_Master_RepeatedStart  text18       17DC
__end_of_I2C_Master_Start          text25       17CA
__end_of_I2C_Master_Stop           text24       17D3
__end_of_I2C_Master_Wait           text26       1800
__end_of_I2C_Master_Write          text23       084C
__end_of_I2C_WWW                   text14       074A
__end_of_ISR                       text27       085E
__end_of_UARTSendChar              text13       17F3
__end_of_UARTSendString            text12       0923
__end_of__Umul8_16                 text17       08F3
__end_of___fladd                   text9        060D
__end_of___flge                    text11       07EE
__end_of___flmul                   text16       0385
__end_of___flneg                   text10       17E7
__end_of___flsub                   text8        08A5
__end_of___fltol                   text7        0B2A
__end_of___lldiv                   text21       0AAE
__end_of___llmod                   text6        09E3
__end_of___wmul                    text5        08CA
__end_of___xxtofl                  text15       0BE6
__end_of__initialization           cinit        0020
__end_of__stringtab                strings      0806
__end_of_dpowers                   strings      082E
__end_of_ftoa                      text2        0CBB
__end_of_isdigit                   text4        0800
__end_of_main                      maintext     0DB4
__end_of_setup                     text1        0881
__end_of_sprintf                   text3        1000
__initialization                   cinit        000F
__pbssBANK0                        bssBANK0     0060
__pbssBANK1                        bssBANK1     00A0
__pcstackBANK0                     cstackBANK0  0020
__pcstackCOMMON                    cstackCOMMON 0070
__pintentry                        intentry     0004
__pmaintext                        maintext     0CBB
__pstrings                         strings      0800
__ptext1                           text1        085E
__ptext10                          text10       17DC
__ptext11                          text11       074A
__ptext12                          text12       08F3
__ptext13                          text13       17E7
__ptext14                          text14       060D
__ptext15                          text15       0B2A
__ptext16                          text16       0024
__ptext17                          text17       08CA
__ptext18                          text18       17D3
__ptext19                          text19       0923
__ptext2                           text2        0BE6
__ptext20                          text20       0954
__ptext21                          text21       0A46
__ptext22                          text22       09E3
__ptext23                          text23       083E
__ptext24                          text24       17CA
__ptext25                          text25       17C1
__ptext26                          text26       17F3
__ptext27                          text27       084C
__ptext3                           text3        0DB4
__ptext4                           text4        07EE
__ptext5                           text5        08A5
__ptext6                           text6        098D
__ptext7                           text7        0AAE
__ptext8                           text8        0881
__ptext9                           text9        0385
__size_of_I2C_ConfigM              (abs)        0000
__size_of_I2C_Master_Init          (abs)        0000
__size_of_I2C_Master_Read          (abs)        0000
__size_of_I2C_Master_RepeatedStart (abs)        0000
__size_of_I2C_Master_Start         (abs)        0000
__size_of_I2C_Master_Stop          (abs)        0000
__size_of_I2C_Master_Wait          (abs)        0000
__size_of_I2C_Master_Write         (abs)        0000
__size_of_I2C_WWW                  (abs)        0000
__size_of_ISR                      (abs)        0000
__size_of_UARTSendChar             (abs)        0000
__size_of_UARTSendString           (abs)        0000
__size_of__Umul8_16                (abs)        0000
__size_of___fladd                  (abs)        0000
__size_of___flge                   (abs)        0000
__size_of___flmul                  (abs)        0000
__size_of___flneg                  (abs)        0000
__size_of___flsub                  (abs)        0000
__size_of___fltol                  (abs)        0000
__size_of___lldiv                  (abs)        0000
__size_of___llmod                  (abs)        0000
__size_of___wmul                   (abs)        0000
__size_of___xxtofl                 (abs)        0000
__size_of_ftoa                     (abs)        0000
__size_of_isdigit                  (abs)        0000
__size_of_main                     (abs)        0000
__size_of_setup                    (abs)        0000
__size_of_sprintf                  (abs)        0000
__stringbase                       strings      0805
__stringtab                        strings      0800
_dpowers                           strings      0806
_ftoa                              text2        0BE6
_isdigit                           text4        07EE
_isdigit$717                       cstackCOMMON 0073
_ledsu                             bssBANK0     0060
_main                              maintext     0CBB
_setup                             text1        085E
_sprintf                           text3        0DB4
btemp                              (abs)        007E
clear_ram0                         clrtext      17B9
end_of_initialization              cinit        0020
ftoa@buf                           bssBANK1     00A0
ftoa@cp                            cstackBANK0  0059
ftoa@f                             cstackBANK0  004B
ftoa@l                             cstackBANK0  0055
ftoa@rem                           cstackBANK0  0051
ftoa@status                        cstackBANK0  004F
interrupt_function                 intentry     0004
intlevel0                          functab      0000
intlevel1                          functab      0000
intlevel2                          functab      0000
intlevel3                          functab      0000
intlevel4                          functab      0000
intlevel5                          functab      0000
isdigit@c                          cstackCOMMON 0074
main@regs                          cstackBANK0  005F
main@status                        cstackBANK0  005D
reset_vec                          reset_vec    0000
saved_w                            (abs)        007E
sprintf@ap                         cstackBANK0  003F
sprintf@c                          cstackBANK0  0049
sprintf@f                          cstackBANK0  0030
sprintf@flag                       cstackBANK0  003E
sprintf@prec                       cstackBANK0  0047
sprintf@sp                         cstackBANK0  0044
sprintf@val                        cstackBANK0  0040
sprintf@width                      cstackBANK0  0045
start                              init         000C
start_initialization               cinit        000F
wtemp0                             (abs)        007E


FUNCTION INFORMATION:

 *************** function _main *****************
 Defined at:
		line 39 in file "newmain.c"
 Parameters:    Size  Location     Type
		None
 Auto vars:     Size  Location     Type
  status          2   61[BANK0 ] int 
  regs            1   63[BANK0 ] PTR unsigned char 
		 -> ftoa@buf(17), 
 Return value:  Size  Location     Type
                  1    wreg      void 
 Registers used:
		wreg, fsr0l, fsr0h, status,2, status,0, btemp+1, pclath, cstack
 Tracked objects:
		On entry : 
		On exit  : 
		Unchanged: 
 Data sizes:     COMMON   BANK0   BANK1   BANK3   BANK2
      Params:         0       0       0       0       0
      Locals:         0       3       0       0       0
      Temps:          0       3       0       0       0
      Totals:         0       6       0       0       0
Total ram usage:        6 bytes
 Hardware stack levels required when called:    4
 This function calls:
		_I2C_ConfigM
		_I2C_Master_Init
		_I2C_WWW
		_UARTSendChar
		_UARTSendString
		_ftoa
		_setup
 This function is called by:
		Startup code after reset
 This function uses a non-reentrant model


 *************** function _setup *****************
 Defined at:
		line 79 in file "newmain.c"
 Parameters:    Size  Location     Type
		None
 Auto vars:     Size  Location     Type
		None
 Return value:  Size  Location     Type
                  1    wreg      void 
 Registers used:
		wreg, status,2
 Tracked objects:
		On entry : 
		On exit  : 
		Unchanged: 
 Data sizes:     COMMON   BANK0   BANK1   BANK3   BANK2
      Params:         0       0       0       0       0
      Locals:         0       0       0       0       0
      Temps:          0       0       0       0       0
      Totals:         0       0       0       0       0
Total ram usage:        0 bytes
 Hardware stack levels used:    1
 Hardware stack levels required when called:    1
 This function calls:
		Nothing
 This function is called by:
		_main
 This function uses a non-reentrant model


 *************** function _ftoa *****************
 Defined at:
		line 6 in file "D:\Program Files\Microchip\xc8\v2.31\pic\sources\c90\common\ftoa.c"
 Parameters:    Size  Location     Type
  f               4   43[BANK0 ] float 
  status          1   47[BANK0 ] PTR int 
		 -> main@status(2), 
 Auto vars:     Size  Location     Type
  l               4   53[BANK0 ] unsigned long 
  rem             4   49[BANK0 ] unsigned long 
  cp              1   57[BANK0 ] PTR unsigned char 
		 -> ftoa@buf(17), 
 Return value:  Size  Location     Type
                  1    wreg      PTR unsigned char 
 Registers used:
		wreg, fsr0l, fsr0h, status,2, status,0, btemp+1, pclath, cstack
 Tracked objects:
		On entry : 
		On exit  : 
		Unchanged: 
 Data sizes:     COMMON   BANK0   BANK1   BANK3   BANK2
      Params:         0       5       0       0       0
      Locals:         0       9       0       0       0
      Temps:          0       1       0       0       0
      Totals:         0      15       0       0       0
Total ram usage:       15 bytes
 Hardware stack levels used:    1
 Hardware stack levels required when called:    3
 This function calls:
		___flge
		___flmul
		___flneg
		___flsub
		___fltol
		___xxtofl
		_sprintf
 This function is called by:
		_main
 This function uses a non-reentrant model


 *************** function _sprintf *****************
 Defined at:
		line 505 in file "D:\Program Files\Microchip\xc8\v2.31\pic\sources\c90\common\doprnt.c"
 Parameters:    Size  Location     Type
  sp              1    wreg     PTR unsigned char 
		 -> ftoa@buf(17), 
  f               1   16[BANK0 ] PTR const unsigned char 
		 -> STR_1(11), 
 Auto vars:     Size  Location     Type
  sp              1   36[BANK0 ] PTR unsigned char 
		 -> ftoa@buf(17), 
  val             4   32[BANK0 ] unsigned long 
  tmpval          4    0        struct .
  prec            2   39[BANK0 ] int 
  width           2   37[BANK0 ] int 
  cp              2    0        PTR const unsigned char 
  len             2    0        unsigned int 
  c               1   41[BANK0 ] unsigned char 
  ap              1   31[BANK0 ] PTR void [1]
		 -> ?_sprintf(2), 
  flag            1   30[BANK0 ] unsigned char 
 Return value:  Size  Location     Type
                  2   16[BANK0 ] int 
 Registers used:
		wreg, fsr0l, fsr0h, status,2, status,0, pclath, cstack
 Tracked objects:
		On entry : 
		On exit  : 
		Unchanged: 
 Data sizes:     COMMON   BANK0   BANK1   BANK3   BANK2
      Params:         0       9       0       0       0
      Locals:         0      12       0       0       0
      Temps:          0       5       0       0       0
      Totals:         0      26       0       0       0
Total ram usage:       26 bytes
 Hardware stack levels used:    1
 Hardware stack levels required when called:    2
 This function calls:
		___lldiv
		___llmod
		___wmul
		_isdigit
 This function is called by:
		_ftoa
 This function uses a non-reentrant model


 *************** function _isdigit *****************
 Defined at:
		line 8 in file "D:\Program Files\Microchip\xc8\v2.31\pic\sources\c90\common\isdigit.c"
 Parameters:    Size  Location     Type
  c               1    wreg     unsigned char 
 Auto vars:     Size  Location     Type
  c               1    4[COMMON] unsigned char 
 Return value:  Size  Location     Type
		None               void
 Registers used:
		wreg, status,2, status,0
 Tracked objects:
		On entry : 
		On exit  : 
		Unchanged: 
 Data sizes:     COMMON   BANK0   BANK1   BANK3   BANK2
      Params:         0       0       0       0       0
      Locals:         2       0       0       0       0
      Temps:          0       0       0       0       0
      Totals:         2       0       0       0       0
Total ram usage:        2 bytes
 Hardware stack levels used:    1
 Hardware stack levels required when called:    1
 This function calls:
		Nothing
 This function is called by:
		_sprintf
 This function uses a non-reentrant model


 *************** function ___wmul *****************
 Defined at:
		line 15 in file "D:\Program Files\Microchip\xc8\v2.31\pic\sources\c90\common\Umul16.c"
 Parameters:    Size  Location     Type
  multiplier      2    3[COMMON] unsigned int 
  multiplicand    2    5[COMMON] unsigned int 
 Auto vars:     Size  Location     Type
  product         2    7[COMMON] unsigned int 
 Return value:  Size  Location     Type
                  2    3[COMMON] unsigned int 
 Registers used:
		wreg, status,2, status,0
 Tracked objects:
		On entry : 
		On exit  : 
		Unchanged: 
 Data sizes:     COMMON   BANK0   BANK1   BANK3   BANK2
      Params:         4       0       0       0       0
      Locals:         2       0       0       0       0
      Temps:          0       0       0       0       0
      Totals:         6       0       0       0       0
Total ram usage:        6 bytes
 Hardware stack levels used:    1
 Hardware stack levels required when called:    1
 This function calls:
		Nothing
 This function is called by:
		_sprintf
 This function uses a non-reentrant model


 *************** function ___llmod *****************
 Defined at:
		line 5 in file "D:\Program Files\Microchip\xc8\v2.31\pic\sources\c90\common\llmod.c"
 Parameters:    Size  Location     Type
  divisor         4    6[BANK0 ] unsigned long 
  dividend        4   10[BANK0 ] unsigned long 
 Auto vars:     Size  Location     Type
  counter         1   15[BANK0 ] unsigned char 
 Return value:  Size  Location     Type
                  4    6[BANK0 ] unsigned long 
 Registers used:
		wreg, status,2, status,0
 Tracked objects:
		On entry : 
		On exit  : 
		Unchanged: 
 Data sizes:     COMMON   BANK0   BANK1   BANK3   BANK2
      Params:         0       8       0       0       0
      Locals:         0       1       0       0       0
      Temps:          0       1       0       0       0
      Totals:         0      10       0       0       0
Total ram usage:       10 bytes
 Hardware stack levels used:    1
 Hardware stack levels required when called:    1
 This function calls:
		Nothing
 This function is called by:
		_sprintf
 This function uses a non-reentrant model


 *************** function ___fltol *****************
 Defined at:
		line 43 in file "D:\Program Files\Microchip\xc8\v2.31\pic\sources\c90\common\fltol.c"
 Parameters:    Size  Location     Type
  f1              4   32[BANK0 ] unsigned long 
 Auto vars:     Size  Location     Type
  exp1            1   42[BANK0 ] unsigned char 
  sign1           1   41[BANK0 ] unsigned char 
 Return value:  Size  Location     Type
                  4   32[BANK0 ] long 
 Registers used:
		wreg, status,2, status,0
 Tracked objects:
		On entry : 
		On exit  : 
		Unchanged: 
 Data sizes:     COMMON   BANK0   BANK1   BANK3   BANK2
      Params:         0       4       0       0       0
      Locals:         0       2       0       0       0
      Temps:          0       5       0       0       0
      Totals:         0      11       0       0       0
Total ram usage:       11 bytes
 Hardware stack levels used:    1
 Hardware stack levels required when called:    1
 This function calls:
		Nothing
 This function is called by:
		_ftoa
 This function uses a non-reentrant model


 *************** function ___flsub *****************
 Defined at:
		line 242 in file "D:\Program Files\Microchip\xc8\v2.31\pic\sources\c90\common\sprcadd.c"
 Parameters:    Size  Location     Type
  a               4   12[BANK0 ] long 
  b               4   16[BANK0 ] long 
 Auto vars:     Size  Location     Type
		None
 Return value:  Size  Location     Type
                  4   12[BANK0 ] long 
 Registers used:
		wreg, status,2, status,0, btemp+1, pclath, cstack
 Tracked objects:
		On entry : 
		On exit  : 
		Unchanged: 
 Data sizes:     COMMON   BANK0   BANK1   BANK3   BANK2
      Params:         0       8       0       0       0
      Locals:         0       0       0       0       0
      Temps:          0       0       0       0       0
      Totals:         0       8       0       0       0
Total ram usage:        8 bytes
 Hardware stack levels used:    1
 Hardware stack levels required when called:    2
 This function calls:
		___fladd
 This function is called by:
		_ftoa
 This function uses a non-reentrant model


 *************** function ___fladd *****************
 Defined at:
		line 10 in file "D:\Program Files\Microchip\xc8\v2.31\pic\sources\c90\common\sprcadd.c"
 Parameters:    Size  Location     Type
  b               4    3[COMMON] long 
  a               4    7[COMMON] long 
 Auto vars:     Size  Location     Type
  grs             1   11[BANK0 ] unsigned char 
  bexp            1   10[BANK0 ] unsigned char 
  aexp            1    9[BANK0 ] unsigned char 
  signs           1    8[BANK0 ] unsigned char 
 Return value:  Size  Location     Type
                  4    3[COMMON] unsigned char 
 Registers used:
		wreg, status,2, status,0, btemp+1
 Tracked objects:
		On entry : 
		On exit  : 
		Unchanged: 
 Data sizes:     COMMON   BANK0   BANK1   BANK3   BANK2
      Params:         8       0       0       0       0
      Locals:         0       4       0       0       0
      Temps:          0       8       0       0       0
      Totals:         8      12       0       0       0
Total ram usage:       20 bytes
 Hardware stack levels used:    1
 Hardware stack levels required when called:    1
 This function calls:
		Nothing
 This function is called by:
		___flsub
 This function uses a non-reentrant model


 *************** function ___flneg *****************
 Defined at:
		line 15 in file "D:\Program Files\Microchip\xc8\v2.31\pic\sources\c90\common\flneg.c"
 Parameters:    Size  Location     Type
  f1              4    3[COMMON] unsigned char 
 Auto vars:     Size  Location     Type
		None
 Return value:  Size  Location     Type
                  4    3[COMMON] unsigned char 
 Registers used:
		wreg
 Tracked objects:
		On entry : 
		On exit  : 
		Unchanged: 
 Data sizes:     COMMON   BANK0   BANK1   BANK3   BANK2
      Params:         4       0       0       0       0
      Locals:         0       0       0       0       0
      Temps:          0       0       0       0       0
      Totals:         4       0       0       0       0
Total ram usage:        4 bytes
 Hardware stack levels used:    1
 Hardware stack levels required when called:    1
 This function calls:
		Nothing
 This function is called by:
		_ftoa
 This function uses a non-reentrant model


 *************** function ___flge *****************
 Defined at:
		line 4 in file "D:\Program Files\Microchip\xc8\v2.31\pic\sources\c90\common\flge.c"
 Parameters:    Size  Location     Type
  ff1             4    3[COMMON] unsigned char 
  ff2             4    7[COMMON] unsigned char 
 Auto vars:     Size  Location     Type
		None
 Return value:  Size  Location     Type
		None               void
 Registers used:
		wreg, status,2, status,0
 Tracked objects:
		On entry : 
		On exit  : 
		Unchanged: 
 Data sizes:     COMMON   BANK0   BANK1   BANK3   BANK2
      Params:         8       0       0       0       0
      Locals:         0       0       0       0       0
      Temps:          0       4       0       0       0
      Totals:         8       4       0       0       0
Total ram usage:       12 bytes
 Hardware stack levels used:    1
 Hardware stack levels required when called:    1
 This function calls:
		Nothing
 This function is called by:
		_ftoa
 This function uses a non-reentrant model


 *************** function _UARTSendString *****************
 Defined at:
		line 115 in file "newmain.c"
 Parameters:    Size  Location     Type
  str             1    wreg     PTR const unsigned char 
		 -> ftoa@buf(17), 
  max_length      1    4[COMMON] const unsigned char 
 Auto vars:     Size  Location     Type
  str             1    6[COMMON] PTR const unsigned char 
		 -> ftoa@buf(17), 
  i               2    7[COMMON] int 
 Return value:  Size  Location     Type
                  1    wreg      void 
 Registers used:
		wreg, fsr0l, fsr0h, status,2, status,0, pclath, cstack
 Tracked objects:
		On entry : 
		On exit  : 
		Unchanged: 
 Data sizes:     COMMON   BANK0   BANK1   BANK3   BANK2
      Params:         1       0       0       0       0
      Locals:         3       0       0       0       0
      Temps:          1       0       0       0       0
      Totals:         5       0       0       0       0
Total ram usage:        5 bytes
 Hardware stack levels used:    1
 Hardware stack levels required when called:    2
 This function calls:
		_UARTSendChar
 This function is called by:
		_main
 This function uses a non-reentrant model


 *************** function _UARTSendChar *****************
 Defined at:
		line 105 in file "newmain.c"
 Parameters:    Size  Location     Type
  c               1    wreg     const unsigned char 
 Auto vars:     Size  Location     Type
  c               1    3[COMMON] const unsigned char 
 Return value:  Size  Location     Type
                  1    wreg      void 
 Registers used:
		wreg
 Tracked objects:
		On entry : 
		On exit  : 
		Unchanged: 
 Data sizes:     COMMON   BANK0   BANK1   BANK3   BANK2
      Params:         0       0       0       0       0
      Locals:         1       0       0       0       0
      Temps:          0       0       0       0       0
      Totals:         1       0       0       0       0
Total ram usage:        1 bytes
 Hardware stack levels used:    1
 Hardware stack levels required when called:    1
 This function calls:
		Nothing
 This function is called by:
		_main
		_UARTSendString
 This function uses a non-reentrant model


 *************** function _I2C_WWW *****************
 Defined at:
		line 73 in file "./I2Clib.h"
 Parameters:    Size  Location     Type
  dato            1    wreg     PTR float 
		 -> I2gato(12), 
 Auto vars:     Size  Location     Type
  dato            1   50[BANK0 ] PTR float 
		 -> I2gato(12), 
  i               2   51[BANK0 ] int 
  i               2   48[BANK0 ] int 
  d               6   36[BANK0 ] unsigned char [6]
  e               6   42[BANK0 ] int [3]
 Return value:  Size  Location     Type
                  1    wreg      void 
 Registers used:
		wreg, fsr0l, fsr0h, status,2, status,0, btemp+1, pclath, cstack
 Tracked objects:
		On entry : 
		On exit  : 
		Unchanged: 
 Data sizes:     COMMON   BANK0   BANK1   BANK3   BANK2
      Params:         0       0       0       0       0
      Locals:         0      17       0       0       0
      Temps:          0       4       0       0       0
      Totals:         0      21       0       0       0
Total ram usage:       21 bytes
 Hardware stack levels used:    1
 Hardware stack levels required when called:    3
 This function calls:
		_I2C_Master_Read
		_I2C_Master_RepeatedStart
		_I2C_Master_Start
		_I2C_Master_Stop
		_I2C_Master_Write
		___flmul
		___xxtofl
 This function is called by:
		_main
 This function uses a non-reentrant model


 *************** function ___xxtofl *****************
 Defined at:
		line 10 in file "D:\Program Files\Microchip\xc8\v2.31\pic\sources\c90\common\xxtofl.c"
 Parameters:    Size  Location     Type
  sign            1    wreg     unsigned char 
  val             4    3[COMMON] long 
 Auto vars:     Size  Location     Type
  sign            1    0[BANK0 ] unsigned char 
  arg             4    2[BANK0 ] unsigned long 
  exp             1    1[BANK0 ] unsigned char 
 Return value:  Size  Location     Type
                  4    3[COMMON] unsigned char 
 Registers used:
		wreg, status,2, status,0
 Tracked objects:
		On entry : 
		On exit  : 
		Unchanged: 
 Data sizes:     COMMON   BANK0   BANK1   BANK3   BANK2
      Params:         4       0       0       0       0
      Locals:         0       6       0       0       0
      Temps:          4       0       0       0       0
      Totals:         8       6       0       0       0
Total ram usage:       14 bytes
 Hardware stack levels used:    1
 Hardware stack levels required when called:    1
 This function calls:
		Nothing
 This function is called by:
		_I2C_WWW
		_ftoa
 This function uses a non-reentrant model


 *************** function ___flmul *****************
 Defined at:
		line 8 in file "D:\Program Files\Microchip\xc8\v2.31\pic\sources\c90\common\sprcmul.c"
 Parameters:    Size  Location     Type
  b               4    6[BANK0 ] unsigned char 
  a               4   10[BANK0 ] unsigned char 
 Auto vars:     Size  Location     Type
  prod            4   26[BANK0 ] struct .
  grs             4   20[BANK0 ] unsigned long 
  temp            2   30[BANK0 ] struct .
  bexp            1   25[BANK0 ] unsigned char 
  aexp            1   24[BANK0 ] unsigned char 
  sign            1   19[BANK0 ] unsigned char 
 Return value:  Size  Location     Type
                  4    6[BANK0 ] unsigned char 
 Registers used:
		wreg, status,2, status,0, btemp+1, pclath, cstack
 Tracked objects:
		On entry : 
		On exit  : 
		Unchanged: 
 Data sizes:     COMMON   BANK0   BANK1   BANK3   BANK2
      Params:         0       8       0       0       0
      Locals:         0      13       0       0       0
      Temps:          0       5       0       0       0
      Totals:         0      26       0       0       0
Total ram usage:       26 bytes
 Hardware stack levels used:    1
 Hardware stack levels required when called:    2
 This function calls:
		__Umul8_16
 This function is called by:
		_I2C_WWW
		_ftoa
 This function uses a non-reentrant model


 *************** function __Umul8_16 *****************
 Defined at:
		line 4 in file "D:\Program Files\Microchip\xc8\v2.31\pic\sources\c90\common\Umul8_16.c"
 Parameters:    Size  Location     Type
  multiplier      1    wreg     unsigned char 
  multiplicand    1    3[COMMON] unsigned char 
 Auto vars:     Size  Location     Type
  multiplier      1    4[BANK0 ] unsigned char 
  word_mpld       2    2[BANK0 ] unsigned int 
  product         2    0[BANK0 ] unsigned int 
 Return value:  Size  Location     Type
                  2    3[COMMON] unsigned int 
 Registers used:
		wreg, status,2, status,0
 Tracked objects:
		On entry : 
		On exit  : 
		Unchanged: 
 Data sizes:     COMMON   BANK0   BANK1   BANK3   BANK2
      Params:         2       0       0       0       0
      Locals:         0       5       0       0       0
      Temps:          2       0       0       0       0
      Totals:         4       5       0       0       0
Total ram usage:        9 bytes
 Hardware stack levels used:    1
 Hardware stack levels required when called:    1
 This function calls:
		Nothing
 This function is called by:
		___flmul
 This function uses a non-reentrant model


 *************** function _I2C_Master_RepeatedStart *****************
 Defined at:
		line 24 in file "./I2Clib.h"
 Parameters:    Size  Location     Type
		None
 Auto vars:     Size  Location     Type
		None
 Return value:  Size  Location     Type
                  1    wreg      void 
 Registers used:
		wreg, status,2, status,0, pclath, cstack
 Tracked objects:
		On entry : 
		On exit  : 
		Unchanged: 
 Data sizes:     COMMON   BANK0   BANK1   BANK3   BANK2
      Params:         0       0       0       0       0
      Locals:         0       0       0       0       0
      Temps:          0       0       0       0       0
      Totals:         0       0       0       0       0
Total ram usage:        0 bytes
 Hardware stack levels used:    1
 Hardware stack levels required when called:    2
 This function calls:
		_I2C_Master_Wait
 This function is called by:
		_I2C_WWW
 This function uses a non-reentrant model


 *************** function _I2C_Master_Read *****************
 Defined at:
		line 43 in file "./I2Clib.h"
 Parameters:    Size  Location     Type
  a               2    3[COMMON] unsigned short 
 Auto vars:     Size  Location     Type
  temp            2    7[COMMON] unsigned short 
 Return value:  Size  Location     Type
                  2    3[COMMON] unsigned short 
 Registers used:
		wreg, status,2, status,0, pclath, cstack
 Tracked objects:
		On entry : 
		On exit  : 
		Unchanged: 
 Data sizes:     COMMON   BANK0   BANK1   BANK3   BANK2
      Params:         2       0       0       0       0
      Locals:         2       0       0       0       0
      Temps:          2       0       0       0       0
      Totals:         6       0       0       0       0
Total ram usage:        6 bytes
 Hardware stack levels used:    1
 Hardware stack levels required when called:    2
 This function calls:
		_I2C_Master_Wait
 This function is called by:
		_I2C_WWW
 This function uses a non-reentrant model


 *************** function _I2C_Master_Init *****************
 Defined at:
		line 3 in file "./I2Clib.h"
 Parameters:    Size  Location     Type
  c               4    6[BANK0 ] const unsigned long 
 Auto vars:     Size  Location     Type
		None
 Return value:  Size  Location     Type
                  1    wreg      void 
 Registers used:
		wreg, status,2, status,0, pclath, cstack
 Tracked objects:
		On entry : 
		On exit  : 
		Unchanged: 
 Data sizes:     COMMON   BANK0   BANK1   BANK3   BANK2
      Params:         0       4       0       0       0
      Locals:         0       0       0       0       0
      Temps:          0       4       0       0       0
      Totals:         0       8       0       0       0
Total ram usage:        8 bytes
 Hardware stack levels used:    1
 Hardware stack levels required when called:    2
 This function calls:
		___lldiv
 This function is called by:
		_main
 This function uses a non-reentrant model


 *************** function ___lldiv *****************
 Defined at:
		line 5 in file "D:\Program Files\Microchip\xc8\v2.31\pic\sources\c90\common\__lldiv.c"
 Parameters:    Size  Location     Type
  divisor         4    3[COMMON] unsigned long 
  dividend        4    7[COMMON] unsigned long 
 Auto vars:     Size  Location     Type
  quotient        4    1[BANK0 ] unsigned long 
  counter         1    5[BANK0 ] unsigned char 
 Return value:  Size  Location     Type
                  4    3[COMMON] unsigned long 
 Registers used:
		wreg, status,2, status,0
 Tracked objects:
		On entry : 
		On exit  : 
		Unchanged: 
 Data sizes:     COMMON   BANK0   BANK1   BANK3   BANK2
      Params:         8       0       0       0       0
      Locals:         0       5       0       0       0
      Temps:          0       1       0       0       0
      Totals:         8       6       0       0       0
Total ram usage:       14 bytes
 Hardware stack levels used:    1
 Hardware stack levels required when called:    1
 This function calls:
		Nothing
 This function is called by:
		_I2C_Master_Init
		_sprintf
 This function uses a non-reentrant model


 *************** function _I2C_ConfigM *****************
 Defined at:
		line 57 in file "./I2Clib.h"
 Parameters:    Size  Location     Type
		None
 Auto vars:     Size  Location     Type
		None
 Return value:  Size  Location     Type
                  1    wreg      void 
 Registers used:
		wreg, status,2, status,0, pclath, cstack
 Tracked objects:
		On entry : 
		On exit  : 
		Unchanged: 
 Data sizes:     COMMON   BANK0   BANK1   BANK3   BANK2
      Params:         0       0       0       0       0
      Locals:         0       0       0       0       0
      Temps:          0       0       0       0       0
      Totals:         0       0       0       0       0
Total ram usage:        0 bytes
 Hardware stack levels used:    1
 Hardware stack levels required when called:    3
 This function calls:
		_I2C_Master_Start
		_I2C_Master_Stop
		_I2C_Master_Write
 This function is called by:
		_main
 This function uses a non-reentrant model


 *************** function _I2C_Master_Write *****************
 Defined at:
		line 36 in file "./I2Clib.h"
 Parameters:    Size  Location     Type
  d               2    3[COMMON] unsigned int 
 Auto vars:     Size  Location     Type
		None
 Return value:  Size  Location     Type
                  1    wreg      void 
 Registers used:
		wreg, status,2, status,0, pclath, cstack
 Tracked objects:
		On entry : 
		On exit  : 
		Unchanged: 
 Data sizes:     COMMON   BANK0   BANK1   BANK3   BANK2
      Params:         2       0       0       0       0
      Locals:         0       0       0       0       0
      Temps:          0       0       0       0       0
      Totals:         2       0       0       0       0
Total ram usage:        2 bytes
 Hardware stack levels used:    1
 Hardware stack levels required when called:    2
 This function calls:
		_I2C_Master_Wait
 This function is called by:
		_I2C_ConfigM
		_I2C_WWW
 This function uses a non-reentrant model


 *************** function _I2C_Master_Stop *****************
 Defined at:
		line 30 in file "./I2Clib.h"
 Parameters:    Size  Location     Type
		None
 Auto vars:     Size  Location     Type
		None
 Return value:  Size  Location     Type
                  1    wreg      void 
 Registers used:
		wreg, status,2, status,0, pclath, cstack
 Tracked objects:
		On entry : 
		On exit  : 
		Unchanged: 
 Data sizes:     COMMON   BANK0   BANK1   BANK3   BANK2
      Params:         0       0       0       0       0
      Locals:         0       0       0       0       0
      Temps:          0       0       0       0       0
      Totals:         0       0       0       0       0
Total ram usage:        0 bytes
 Hardware stack levels used:    1
 Hardware stack levels required when called:    2
 This function calls:
		_I2C_Master_Wait
 This function is called by:
		_I2C_ConfigM
		_I2C_WWW
 This function uses a non-reentrant model


 *************** function _I2C_Master_Start *****************
 Defined at:
		line 18 in file "./I2Clib.h"
 Parameters:    Size  Location     Type
		None
 Auto vars:     Size  Location     Type
		None
 Return value:  Size  Location     Type
                  1    wreg      void 
 Registers used:
		wreg, status,2, status,0, pclath, cstack
 Tracked objects:
		On entry : 
		On exit  : 
		Unchanged: 
 Data sizes:     COMMON   BANK0   BANK1   BANK3   BANK2
      Params:         0       0       0       0       0
      Locals:         0       0       0       0       0
      Temps:          0       0       0       0       0
      Totals:         0       0       0       0       0
Total ram usage:        0 bytes
 Hardware stack levels used:    1
 Hardware stack levels required when called:    2
 This function calls:
		_I2C_Master_Wait
 This function is called by:
		_I2C_ConfigM
		_I2C_WWW
 This function uses a non-reentrant model


 *************** function _I2C_Master_Wait *****************
 Defined at:
		line 13 in file "./I2Clib.h"
 Parameters:    Size  Location     Type
		None
 Auto vars:     Size  Location     Type
		None
 Return value:  Size  Location     Type
                  1    wreg      void 
 Registers used:
		wreg, status,2
 Tracked objects:
		On entry : 
		On exit  : 
		Unchanged: 
 Data sizes:     COMMON   BANK0   BANK1   BANK3   BANK2
      Params:         0       0       0       0       0
      Locals:         0       0       0       0       0
      Temps:          0       0       0       0       0
      Totals:         0       0       0       0       0
Total ram usage:        0 bytes
 Hardware stack levels used:    1
 Hardware stack levels required when called:    1
 This function calls:
		Nothing
 This function is called by:
		_I2C_Master_Start
		_I2C_Master_RepeatedStart
		_I2C_Master_Stop
		_I2C_Master_Write
		_I2C_Master_Read
 This function uses a non-reentrant model


 *************** function _ISR *****************
 Defined at:
		line 98 in file "newmain.c"
 Parameters:    Size  Location     Type
		None
 Auto vars:     Size  Location     Type
		None
 Return value:  Size  Location     Type
                  1    wreg      void 
 Registers used:
		wreg
 Tracked objects:
		On entry : 
		On exit  : 
		Unchanged: 
 Data sizes:     COMMON   BANK0   BANK1   BANK3   BANK2
      Params:         0       0       0       0       0
      Locals:         0       0       0       0       0
      Temps:          3       0       0       0       0
      Totals:         3       0       0       0       0
Total ram usage:        3 bytes
 Hardware stack levels used:    1
 This function calls:
		Nothing
 This function is called by:
		Interrupt level 1
 This function uses a non-reentrant model



MODULE INFORMATION

Module		Function		Class		Link	Load	Size
D:\Program Files\Microchip\xc8\v2.31\pic\sources\c90\common\sprcmul.c
		___flmul       		CODE           	0024	0000	865

D:\Program Files\Microchip\xc8\v2.31\pic\sources\c90\common\sprcmul.c estimated size: 865

D:\Program Files\Microchip\xc8\v2.31\pic\sources\c90\common\flneg.c
		___flneg       		CODE           	17DC	0000	11

D:\Program Files\Microchip\xc8\v2.31\pic\sources\c90\common\flneg.c estimated size: 11

D:\Program Files\Microchip\xc8\v2.31\pic\sources\c90\common\__lldiv.c
		___lldiv       		CODE           	0A46	0000	104

D:\Program Files\Microchip\xc8\v2.31\pic\sources\c90\common\__lldiv.c estimated size: 104

D:\Program Files\Microchip\xc8\v2.31\pic\sources\c90\common\isdigit.c
		_isdigit       		CODE           	07EE	0000	18

D:\Program Files\Microchip\xc8\v2.31\pic\sources\c90\common\isdigit.c estimated size: 18

D:\Program Files\Microchip\xc8\v2.31\pic\sources\c90\common\sprcadd.c
		___flsub       		CODE           	0881	0000	36
		___fladd       		CODE           	0385	0000	648

D:\Program Files\Microchip\xc8\v2.31\pic\sources\c90\common\sprcadd.c estimated size: 684

newmain.c
		_UARTSendString		CODE           	08F3	0000	48
		_ISR           		CODE           	084C	0000	18
		_main          		CODE           	0CBB	0000	249
		_setup         		CODE           	085E	0000	35
		_UARTSendChar  		CODE           	17E7	0000	12

newmain.c estimated size: 362

D:\Program Files\Microchip\xc8\v2.31\pic\sources\c90\common\llmod.c
		___llmod       		CODE           	098D	0000	86

D:\Program Files\Microchip\xc8\v2.31\pic\sources\c90\common\llmod.c estimated size: 86

D:\Program Files\Microchip\xc8\v2.31\pic\sources\c90\common\xxtofl.c
		___xxtofl      		CODE           	0B2A	0000	188

D:\Program Files\Microchip\xc8\v2.31\pic\sources\c90\common\xxtofl.c estimated size: 188

shared
		__stringtab    		STRING         	0800	0000	6
		_dpowers       		STRING         	0806	0000	40
		__initialization		CODE           	000F	0000	17

shared estimated size: 63

D:\Program Files\Microchip\xc8\v2.31\pic\sources\c90\common\flge.c
		___flge        		CODE           	074A	0000	164

D:\Program Files\Microchip\xc8\v2.31\pic\sources\c90\common\flge.c estimated size: 164

D:\Program Files\Microchip\xc8\v2.31\pic\sources\c90\common\ftoa.c
		_ftoa          		CODE           	0BE6	0000	213

D:\Program Files\Microchip\xc8\v2.31\pic\sources\c90\common\ftoa.c estimated size: 213

D:\Program Files\Microchip\xc8\v2.31\pic\sources\c90\common\Umul8_16.c
		__Umul8_16     		CODE           	08CA	0000	41

D:\Program Files\Microchip\xc8\v2.31\pic\sources\c90\common\Umul8_16.c estimated size: 41

./I2Clib.h
		_I2C_Master_Read		CODE           	0923	0000	49
		_I2C_Master_Wait		CODE           	17F3	0000	13
		_I2C_Master_Init		CODE           	0954	0000	57
		_I2C_Master_Stop		CODE           	17CA	0000	9
		_I2C_Master_RepeatedStart		CODE           	17D3	0000	9
		_I2C_ConfigM   		CODE           	09E3	0000	99
		_I2C_WWW       		CODE           	060D	0000	317
		_I2C_Master_Write		CODE           	083E	0000	14
		_I2C_Master_Start		CODE           	17C1	0000	9

./I2Clib.h estimated size: 576

D:\Program Files\Microchip\xc8\v2.31\pic\sources\c90\common\doprnt.c
		_sprintf       		CODE           	0DB4	0000	588

D:\Program Files\Microchip\xc8\v2.31\pic\sources\c90\common\doprnt.c estimated size: 588

D:\Program Files\Microchip\xc8\v2.31\pic\sources\c90\common\fltol.c
		___fltol       		CODE           	0AAE	0000	124

D:\Program Files\Microchip\xc8\v2.31\pic\sources\c90\common\fltol.c estimated size: 124

D:\Program Files\Microchip\xc8\v2.31\pic\sources\c90\common\Umul16.c
		___wmul        		CODE           	08A5	0000	37

D:\Program Files\Microchip\xc8\v2.31\pic\sources\c90\common\Umul16.c estimated size: 37

